[      64ms] [INFO] %cDownload the React DevTools for a better development experience: https://react.dev/link/react-devtools font-weight:bold @ http://localhost:3008/_next/static/chunks/node_modules_next_dist_f3530cac._.js:2297
[      80ms] [LOG] [HMR] connected @ http://localhost:3008/_next/static/chunks/node_modules_next_dist_f3530cac._.js:2297
[     147ms] [INFO] Banner not shown: beforeinstallpromptevent.preventDefault() called. The page must call beforeinstallpromptevent.prompt() to show the banner. @ http://localhost:3008/laundry/orders/9e9d8333-a75c-4667-9af8-a3a60f8b0743/receipt:0
[     148ms] [ERROR] Failed to load resource: the server responded with a status of 404 (Not Found) @ http://localhost:8099/api/user:0
[     158ms] [ERROR] %o

%s TypeError: Cannot read properties of undefined (reading 'reduce')
    at ReceiptPage (http://localhost:3008/_next/static/chunks/_823d981c._.js:1514:39)
    at Object.react_stack_bottom_frame (http://localhost:3008/_next/static/chunks/node_modules_next_dist_compiled_react-dom_1e674e59._.js:14826:24)
    at renderWithHooks (http://localhost:3008/_next/static/chunks/node_modules_next_dist_compiled_react-dom_1e674e59._.js:4651:24)
    at updateFunctionComponent (http://localhost:3008/_next/static/chunks/node_modules_next_dist_compiled_react-dom_1e674e59._.js:6112:21)
    at beginWork (http://localhost:3008/_next/static/chunks/node_modules_next_dist_compiled_react-dom_1e674e59._.js:6708:24)
    at runWithFiberInDEV (http://localhost:3008/_next/static/chunks/node_modules_next_dist_compiled_react-dom_1e674e59._.js:965:74)
    at performUnitOfWork (http://localhost:3008/_next/static/chunks/node_modules_next_dist_compiled_react-dom_1e674e59._.js:9562:97)
    at workLoopSync (http://localhost:3008/_next/static/chunks/node_modules_next_dist_compiled_react-dom_1e674e59._.js:9456:40)
    at renderRootSync (http://localhost:3008/_next/static/chunks/node_modules_next_dist_compiled_react-dom_1e674e59._.js:9440:13)
    at performWorkOnRoot (http://localhost:3008/_next/static/chunks/node_modules_next_dist_compiled_react-dom_1e674e59._.js:9105:47)
    at performWorkOnRootViaSchedulerTask (http://localhost:3008/_next/static/chunks/node_modules_next_dist_compiled_react-dom_1e674e59._.js:10230:9)
    at MessagePort.performWorkUntilDeadline (http://localhost:3008/_next/static/chunks/node_modules_next_dist_compiled_a0e4c7b4._.js:2647:64) The above error occurred in the <ReceiptPage> component. It was handled by the <ErrorBoundaryHandler> error boundary. @ http://localhost:3008/_next/static/chunks/node_modules_next_dist_client_17643121._.js:1342
[     159ms] [ERROR] Base UI: A component that acts as a button expected a native <button> because the `nativeButton` prop is true. Rendering a non-<button> removes native button semantics, which can impact forms and accessibility. Use a real <button> in the `render` prop, or set `nativeButton` to `false`.
    at Button (http://localhost:3008/_next/static/chunks/_61974c5d._.js:67:214)
    at Error (http://localhost:3008/_next/static/chunks/_61974c5d._.js:316:227)
    at ErrorBoundaryHandler.render (http://localhost:3008/_next/static/chunks/node_modules_next_dist_client_17643121._.js:1086:55)
    at ErrorBoundary (http://localhost:3008/_next/static/chunks/node_modules_next_dist_client_17643121._.js:1103:50)
    at OuterLayoutRouter (http://localhost:3008/_next/static/chunks/node_modules_next_dist_be32b49c._.js:598:55) @ http://localhost:3008/_next/static/chunks/node_modules_next_dist_f3530cac._.js:3127
[     159ms] [ERROR] App error: undefined Cannot read properties of undefined (reading 'reduce') @ http://localhost:3008/_next/static/chunks/node_modules_next_dist_f3530cac._.js:3127
[     159ms] [ERROR] App error: undefined Cannot read properties of undefined (reading 'reduce') @ http://localhost:3008/_next/static/chunks/node_modules_next_dist_f3530cac._.js:3127
[     208ms] [LOG] [Fast Refresh] rebuilding @ http://localhost:3008/_next/static/chunks/node_modules_next_dist_f3530cac._.js:2297
[     215ms] [LOG] [Fast Refresh] done in 108ms @ http://localhost:3008/_next/static/chunks/node_modules_next_dist_f3530cac._.js:2297
[    1494ms] [ERROR] Failed to load resource: the server responded with a status of 404 (Not Found) @ http://localhost:8099/api/user:0
[    1494ms] [ERROR] Failed to load resource: the server responded with a status of 404 (Not Found) @ http://localhost:8099/api/user:0
[    1518ms] [ERROR] %o

%s TypeError: Cannot read properties of undefined (reading 'reduce')
    at ReceiptPage (http://localhost:3008/_next/static/chunks/_823d981c._.js:1514:39)
    at Object.react_stack_bottom_frame (http://localhost:3008/_next/static/chunks/node_modules_next_dist_compiled_react-dom_1e674e59._.js:14826:24)
    at renderWithHooks (http://localhost:3008/_next/static/chunks/node_modules_next_dist_compiled_react-dom_1e674e59._.js:4651:24)
    at updateFunctionComponent (http://localhost:3008/_next/static/chunks/node_modules_next_dist_compiled_react-dom_1e674e59._.js:6112:21)
    at beginWork (http://localhost:3008/_next/static/chunks/node_modules_next_dist_compiled_react-dom_1e674e59._.js:6708:24)
    at runWithFiberInDEV (http://localhost:3008/_next/static/chunks/node_modules_next_dist_compiled_react-dom_1e674e59._.js:965:74)
    at performUnitOfWork (http://localhost:3008/_next/static/chunks/node_modules_next_dist_compiled_react-dom_1e674e59._.js:9562:97)
    at workLoopSync (http://localhost:3008/_next/static/chunks/node_modules_next_dist_compiled_react-dom_1e674e59._.js:9456:40)
    at renderRootSync (http://localhost:3008/_next/static/chunks/node_modules_next_dist_compiled_react-dom_1e674e59._.js:9440:13)
    at performWorkOnRoot (http://localhost:3008/_next/static/chunks/node_modules_next_dist_compiled_react-dom_1e674e59._.js:9105:47)
    at performWorkOnRootViaSchedulerTask (http://localhost:3008/_next/static/chunks/node_modules_next_dist_compiled_react-dom_1e674e59._.js:10230:9)
    at MessagePort.performWorkUntilDeadline (http://localhost:3008/_next/static/chunks/node_modules_next_dist_compiled_a0e4c7b4._.js:2647:64) The above error occurred in the <ReceiptPage> component. It was handled by the <ErrorBoundaryHandler> error boundary. @ http://localhost:3008/_next/static/chunks/node_modules_next_dist_client_17643121._.js:1342
[    1519ms] [ERROR] App error: undefined Cannot read properties of undefined (reading 'reduce') @ http://localhost:3008/_next/static/chunks/node_modules_next_dist_f3530cac._.js:3127
[    1519ms] [ERROR] App error: undefined Cannot read properties of undefined (reading 'reduce') @ http://localhost:3008/_next/static/chunks/node_modules_next_dist_f3530cac._.js:3127
